[
  {
    "endpoint": "https://api.papermc.io/v2/projects/paper/versions/1.21.1",
    "status": "HTTPError",
    "code": 410,
    "body": "{\"ok\":false,\"error\":\"sunset\",\"message\":\"This API version has been sunset and is no longer available. To continue using the service, please upgrade to a supported API version.\"}"
  },
  {
    "endpoint": "https://api.papermc.io/v3/projects/paper",
    "status": "HTTPError",
    "code": 403,
    "body": "<!DOCTYPE html><html lang=\"en\"><head><meta charset=\"utf-8\"><meta name=\"viewport\" content=\"width=device-width,initial-scale=1\"><title>Endpoint Unsupported</title><style>@import url(https://fonts.googleapis.com/css2?family=Roboto:wght@400;700&family=Open+Sans:wght@400;600&display=swap);.blurb,.logo{margin-bottom:20px}.blurb,.container{padding:20px;background:#fff;box-shadow:0 4px 6px rgba(0,0,0,.1);border-radius:8px}.blurb,body{text-align:center}.blurb p,p{line-height:1.6}body{font-family:Roboto,s"
  },
  {
    "endpoint": "https://api.papermc.io/v2/projects/paper/versions/1.21.1/builds",
    "status": "HTTPError",
    "code": 410,
    "body": "{\"ok\":false,\"error\":\"sunset\",\"message\":\"This API version has been sunset and is no longer available. To continue using the service, please upgrade to a supported API version.\"}"
  },
  {
    "endpoint": "https://api.papermc.io/v3/projects/paper/versions/1.21.1",
    "status": "HTTPError",
    "code": 403,
    "body": "<!DOCTYPE html><html lang=\"en\"><head><meta charset=\"utf-8\"><meta name=\"viewport\" content=\"width=device-width,initial-scale=1\"><title>Endpoint Unsupported</title><style>@import url(https://fonts.googleapis.com/css2?family=Roboto:wght@400;700&family=Open+Sans:wght@400;600&display=swap);.blurb,.logo{margin-bottom:20px}.blurb,.container{padding:20px;background:#fff;box-shadow:0 4px 6px rgba(0,0,0,.1);border-radius:8px}.blurb,body{text-align:center}.blurb p,p{line-height:1.6}body{font-family:Roboto,s"
  },
  {
    "endpoint": "https://api.papermc.io/v3/projects/paper/versions/1.21.1/builds",
    "status": "HTTPError",
    "code": 403,
    "body": "<!DOCTYPE html><html lang=\"en\"><head><meta charset=\"utf-8\"><meta name=\"viewport\" content=\"width=device-width,initial-scale=1\"><title>Endpoint Unsupported</title><style>@import url(https://fonts.googleapis.com/css2?family=Roboto:wght@400;700&family=Open+Sans:wght@400;600&display=swap);.blurb,.logo{margin-bottom:20px}.blurb,.container{padding:20px;background:#fff;box-shadow:0 4px 6px rgba(0,0,0,.1);border-radius:8px}.blurb,body{text-align:center}.blurb p,p{line-height:1.6}body{font-family:Roboto,s"
  }
]